git status

git init

git config --global user.name "Polarapu Prasad"

git config --global user.email "devopstraining2015@gmail.com"

git config --list

git config --global --unset user.name

git config --global --unset user.email
-------------------
touch file1
ls
git status
git add file1
	(use "git rm --cached <file>..." to unstage)
git status
git commit -m "label" file1
git status
git log
git show cid
------------
touch file2 file3 file4
ls
git status
git add file2 file3 file4
or
git add .
or
git add *
or
git add -A
git commit -m "label"
git status
git log
git show cid

git-75.txt
Displaying git-75.txt.
---------------------------------
$ git add file6
$ git reset head file6 (if you want to move back the file from staging area to workspace)
$ git add *
$ git reset head *
$ $ git commit -m "commit file6" file6
$ git reset --soft cid (N-l)(if you want to move the file from local repository to staging area)
$ git reset --mixed cid (N-1) (if you want to move the files from local repository to workspace)(also files in staging area also will come into workspace)
$ git reset --hard cid (deletes the data for that commit id and files)
------------------------

simha@LAPTOP-B5TED7L8 MINGW64 /d/DevOps_Prasad (First close a repository--> go into the repository--> open git bash here and create files,add,commit, etc)

simha@LAPTOP-B5TED7L8 MINGW64 /d/DevOps_Prasad
$ git clone https://github.com/maheshgit9/Repo1.git
Cloning into 'Repo1'...
remote: Enumerating objects: 3, done.
remote: Counting objects: 100% (3/3), done.
remote: Compressing objects: 100% (2/2), done.
remote: Total 3 (delta 0), reused 0 (delta 0), pack-reused 0
Receiving objects: 100% (3/3), done.

simha@LAPTOP-B5TED7L8 MINGW64 /d/DevOps_Prasad
$ ls
Repo1/  Videos/  git/

simha@LAPTOP-B5TED7L8 MINGW64 /d/DevOps_Prasad
$ cd Repo1/

simha@LAPTOP-B5TED7L8 MINGW64 /d/DevOps_Prasad/Repo1 (main)
$ ls
README.md

simha@LAPTOP-B5TED7L8 MINGW64 /d/DevOps_Prasad/Repo1 (main)
$ touch file7

simha@LAPTOP-B5TED7L8 MINGW64 /d/DevOps_Prasad/Repo1 (main)
$ ls
README.md  file7

simha@LAPTOP-B5TED7L8 MINGW64 /d/DevOps_Prasad/Repo1 (main)
$ git status
On branch main
Your branch is up to date with 'origin/main'.

Untracked files:
  (use "git add <file>..." to include in what will be committed)
        file7

nothing added to commit but untracked files present (use "git add" to track)

simha@LAPTOP-B5TED7L8 MINGW64 /d/DevOps_Prasad/Repo1 (main)
$ ls
README.md  file7

simha@LAPTOP-B5TED7L8 MINGW64 /d/DevOps_Prasad/Repo1 (main)
$ rm file7

simha@LAPTOP-B5TED7L8 MINGW64 /d/DevOps_Prasad/Repo1 (main)
$ l
bash: l: command not found

simha@LAPTOP-B5TED7L8 MINGW64 /d/DevOps_Prasad/Repo1 (main)
$ ls
README.md

simha@LAPTOP-B5TED7L8 MINGW64 /d/DevOps_Prasad/Repo1 (main)
$ touch file_push_github

simha@LAPTOP-B5TED7L8 MINGW64 /d/DevOps_Prasad/Repo1 (main)
$ ls
README.md  file_push_github

simha@LAPTOP-B5TED7L8 MINGW64 /d/DevOps_Prasad/Repo1 (main)
$ git status
On branch main
Your branch is up to date with 'origin/main'.

Untracked files:
  (use "git add <file>..." to include in what will be committed)
        file_push_github

nothing added to commit but untracked files present (use "git add" to track)

simha@LAPTOP-B5TED7L8 MINGW64 /d/DevOps_Prasad/Repo1 (main)
$ git add file_push_github

simha@LAPTOP-B5TED7L8 MINGW64 /d/DevOps_Prasad/Repo1 (main)
$ git status
On branch main
Your branch is up to date with 'origin/main'.

Changes to be committed:
  (use "git restore --staged <file>..." to unstage)
        new file:   file_push_github


simha@LAPTOP-B5TED7L8 MINGW64 /d/DevOps_Prasad/Repo1 (main)
$ git commit -m "push file to github" file_push_github
[main 0e0f32c] push file to github
 1 file changed, 0 insertions(+), 0 deletions(-)
 create mode 100644 file_push_github

simha@LAPTOP-B5TED7L8 MINGW64 /d/DevOps_Prasad/Repo1 (main)
$ git status
On branch main
Your branch is ahead of 'origin/main' by 1 commit.
  (use "git push" to publish your local commits)

nothing to commit, working tree clean

simha@LAPTOP-B5TED7L8 MINGW64 /d/DevOps_Prasad/Repo1 (main)
$ git log
commit 0e0f32c55f0085218853dc84a65ce31ff08d6a76 (HEAD -> main)
Author: M S <simhadrimahesh@gmail.com>
Date:   Mon Jan 24 22:34:05 2022 +0530

    push file to github

commit ab487db54e99c7bf33e5975caa91b9a4d400d632 (origin/main, origin/HEAD) -->( this is for the reqdme file initial commit id)
Author: maheshgit9 <90081367+maheshgit9@users.noreply.github.com>
Date:   Mon Jan 24 22:25:37 2022 +0530

    Initial commit

simha@LAPTOP-B5TED7L8 MINGW64 /d/DevOps_Prasad/Repo1 (main)
$ git push
Enumerating objects: 4, done.
Counting objects: 100% (4/4), done.
Delta compression using up to 8 threads
Compressing objects: 100% (2/2), done.
Writing objects: 100% (3/3), 288 bytes | 288.00 KiB/s, done.
Total 3 (delta 0), reused 0 (delta 0), pack-reused 0
To https://github.com/maheshgit9/Repo1.git
   ab487db..0e0f32c  main -> main

simha@LAPTOP-B5TED7L8 MINGW64 /d/DevOps_Prasad/Repo1 (main)
$
----------------
25-01-2022

----------------------

git clone https://github.com/Amanitatineni/Repo1.git
ls
cd Repo1
touch file1
ls
git status
git add file1
git status
git commit -m "label" file1
git status
git log
git push


----------------------

git clone https://github.com/Amanitatineni/Repo1.git
ls
cd Repo1
touch file1
ls
git status
git add file1
git status
git commit -m "label" file1
git status
git log
git push

------------------------

mkdir dir1
ls
cd dir1
touch f1 f2
cd ..
git add .
git commit -m "sample dir"
git push

--------------------------------

git clone https://github.com/polarapu/batch75.git
cd batch75
touch prasad
git status
git add prasad
git commit -m "sample file from prasad"
git push
git pull --rebase
git push

mkdir prasad-dir
cd prasad-dir
touch f1 f2 f3
cd ..
git add .
git commit -m "sample dir commit from prasad"
git push
git pull --rebase
git push
-----------------------------------





